
> ac-repair-tracker@0.1.0 build
> next build

  ▲ Next.js 14.2.5
  - Environments: .env.local

   Creating an optimized production build ...
 ✓ Compiled successfully
   Linting and checking validity of types ...
   Collecting page data ...
   Generating static pages (0/8) ...
   Generating static pages (2/8) 
   Generating static pages (4/8) 
   Generating static pages (6/8) 
 ✓ Generating static pages (8/8)
   Finalizing page optimization ...
   Collecting build traces ...

Route (app)                              Size     First Load JS
┌ ○ /                                    3.7 kB          167 kB
├ ○ /_not-found                          871 B            88 kB
├ ○ /finance                             4.58 kB         168 kB
├ ○ /login                               1.74 kB         153 kB
├ ○ /orders                              159 kB          416 kB
└ ○ /technicians                         5.3 kB          262 kB
+ First Load JS shared by all            87.1 kB
  ├ chunks/23-b66f946dd923f590.js        31.5 kB
  ├ chunks/fd9d1056-0eb575322ff5015c.js  53.6 kB
  └ other shared chunks (total)          1.95 kB


○  (Static)  prerendered as static content

