  ▲ Next.js 14.2.5
  - Environments: .env.local

   Creating an optimized production build ...
 ✓ Compiled successfully
   Linting and checking validity of types ...
   Collecting page data ...
   Generating static pages (0/9) ...
   Generating static pages (2/9) 
   Generating static pages (4/9) 
   Generating static pages (6/9) 
 ✓ Generating static pages (9/9)
   Finalizing page optimization ...
   Collecting build traces ...

Route (app)                              Size     First Load JS
┌ ○ /                                    3.95 kB         169 kB
├ ○ /_not-found                          871 B            88 kB
├ ○ /finance                             7.99 kB         266 kB
├ ○ /login                               1.74 kB         153 kB
├ ○ /orders                              164 kB          421 kB
├ ○ /stores                              5.09 kB         170 kB
└ ○ /technicians                         5.3 kB          263 kB
+ First Load JS shared by all            87.1 kB
  ├ chunks/23-b66f946dd923f590.js        31.5 kB
  ├ chunks/fd9d1056-0eb575322ff5015c.js  53.6 kB
  └ other shared chunks (total)          1.95 kB


○  (Static)  prerendered as static content

